name 'create_table' is not defined
name 'POST_SENT' is not defined
name 'POST_SENT' is not defined
name 'POST_SENT' is not defined
name 'POST_SENT' is not defined
name 'POST_SENT' is not defined
name 'POST_SENT' is not defined
name 'POST_SENT' is not defined
name 'POST_SENT' is not defined
3
0
name 'users' is not defined
name 'users' is not defined
'unix'
